// Jest Snapshot v1, https://goo.gl/fbAQLP

exports[`renders correctly 1`] = `
<div
  className="Tips"
>
  <div
    className="tip"
  >
    <em>
      Tip: Hold shift when sorting to multi-sort!
    </em>
  </div>
  <div
    className="tip"
  >
    <em>
      Tip: You can drag column headers to resize!
    </em>
  </div>
  <div
    className="tip"
  >
    <em>
      Tip: Filters at the top!
    </em>
  </div>
</div>
`;
